{"_Z3foov":{"callees":[],"doesOverride":false,"hasBody":true,"isVirtual":false,"numStatements":0,"overriddenBy":[],"overriddenFunctions":[],"parents":[]}}
